'BoCa.Fig16.LogRel.Typed.fundamentalProperty' depends on axioms: [propext, Classical.choice, Quot.sound]
'BoCa.Fig16.LogRel.Typed.adequacy' depends on axioms: [propext, Classical.choice, Quot.sound]
'BoCa.Fig16.LogRel.Typed.theorem32' depends on axioms: [propext, Classical.choice, Quot.sound]
'BoCa.Fig16.LogRel.Typed.corollary33' depends on axioms: [propext, Classical.choice, Quot.sound]
'CONF.lemma_3_1' depends on axioms: [propext, Classical.choice, Quot.sound]
'CONF.theorem_3_2' depends on axioms: [propext, Classical.choice, Quot.sound]
'CONF.corollary_3_3' depends on axioms: [propext, Classical.choice, Quot.sound]
'TR.lemma_6_1' depends on axioms: [Quot.sound]
'TR.lemma_6_10' depends on axioms: [propext, Classical.choice, Quot.sound]
'TR.lemma_6_100' depends on axioms: [Quot.sound]
'TR.lemma_6_101' depends on axioms: [propext, Quot.sound]
'TR.lemma_6_102' depends on axioms: [Quot.sound]
'TR.lemma_6_103' depends on axioms: [Quot.sound]
'TR.lemma_6_104' depends on axioms: [propext, Quot.sound]
'TR.lemma_6_105' depends on axioms: [Quot.sound]
'TR.lemma_6_106' depends on axioms: [Quot.sound]
'TR.lemma_6_107' depends on axioms: [propext, Classical.choice, Quot.sound]
'TR.lemma_6_108' depends on axioms: [propext, Quot.sound]
'TR.lemma_6_109' depends on axioms: [propext, Quot.sound]
'TR.lemma_6_11' depends on axioms: [propext, Classical.choice, Quot.sound]
'TR.lemma_6_110' depends on axioms: [propext, Quot.sound]
'TR.lemma_6_111' depends on axioms: [propext, Quot.sound]
'TR.lemma_6_112' depends on axioms: [propext, Quot.sound]
'TR.lemma_6_113' depends on axioms: [propext, Classical.choice, Quot.sound]
'TR.lemma_6_114' depends on axioms: [propext, Classical.choice, Quot.sound]
'TR.lemma_6_115' depends on axioms: [propext, Classical.choice, Quot.sound]
'TR.lemma_6_116' depends on axioms: [propext, Classical.choice, Quot.sound]
'TR.lemma_6_117' depends on axioms: [propext, Classical.choice, Quot.sound]
'TR.lemma_6_118' depends on axioms: [propext, Classical.choice, Quot.sound]
'TR.lemma_6_119' depends on axioms: [propext, Classical.choice, Quot.sound]
'TR.lemma_6_12' depends on axioms: [propext, Quot.sound]
'TR.lemma_6_120' depends on axioms: [propext, Classical.choice, Quot.sound]
'TR.lemma_6_121' depends on axioms: [propext, Classical.choice, Quot.sound]
'TR.lemma_6_122' depends on axioms: [propext, Classical.choice, Quot.sound]
'TR.lemma_6_123' depends on axioms: [propext, Classical.choice, Quot.sound]
'TR.lemma_6_124' depends on axioms: [propext, Classical.choice, Quot.sound]
'TR.lemma_6_125' depends on axioms: [propext, Classical.choice, Quot.sound]
'TR.lemma_6_126' depends on axioms: [propext, Classical.choice, Quot.sound]
'TR.lemma_6_127' depends on axioms: [propext, Classical.choice, Quot.sound]
'TR.lemma_6_128' depends on axioms: [propext, Classical.choice, Quot.sound]
'TR.lemma_6_129' depends on axioms: [propext, Classical.choice, Quot.sound]
'TR.lemma_6_13' depends on axioms: [propext, Quot.sound]
'TR.lemma_6_130' depends on axioms: [propext, Classical.choice, Quot.sound]
'TR.lemma_6_131' depends on axioms: [propext, Classical.choice, Quot.sound]
'TR.lemma_6_132' depends on axioms: [propext, Classical.choice, Quot.sound]
'TR.lemma_6_133' depends on axioms: [propext, Classical.choice, Quot.sound]
'TR.lemma_6_134' depends on axioms: [propext, Classical.choice, Quot.sound]
'TR.lemma_6_135' depends on axioms: [propext, Classical.choice, Quot.sound]
'TR.lemma_6_136' depends on axioms: [propext, Classical.choice, Quot.sound]
'TR.lemma_6_137' depends on axioms: [propext, Quot.sound]
'TR.lemma_6_138' depends on axioms: [propext, Quot.sound]
'TR.lemma_6_139_1' depends on axioms: [propext, Quot.sound]
'TR.lemma_6_139_2' depends on axioms: [propext, Quot.sound]
'TR.lemma_6_14' depends on axioms: [propext, Quot.sound]
'TR.lemma_6_140' depends on axioms: [propext, Quot.sound]
'TR.lemma_6_141' depends on axioms: [propext, Classical.choice, Quot.sound]
'TR.lemma_6_142' depends on axioms: [propext, Classical.choice, Quot.sound]
'TR.lemma_6_143' depends on axioms: [propext, Classical.choice, Quot.sound]
'TR.lemma_6_144' depends on axioms: [propext, Classical.choice, Quot.sound]
'TR.lemma_6_145' depends on axioms: [propext, Classical.choice, Quot.sound]
'TR.lemma_6_146' depends on axioms: [propext, Classical.choice, Quot.sound]
'TR.lemma_6_147' depends on axioms: [propext, Classical.choice, Quot.sound]
'TR.lemma_6_148' depends on axioms: [propext, Classical.choice, Quot.sound]
'TR.lemma_6_149' depends on axioms: [propext, Classical.choice, Quot.sound]
'TR.lemma_6_15' depends on axioms: [propext, Classical.choice, Quot.sound]
'TR.lemma_6_150' depends on axioms: [propext, Classical.choice, Quot.sound]
'TR.lemma_6_151' depends on axioms: [propext, Classical.choice, Quot.sound]
'TR.lemma_6_152' depends on axioms: [propext, Classical.choice, Quot.sound]
'TR.lemma_6_153' depends on axioms: [propext, Classical.choice, Quot.sound]
'TR.lemma_6_154' depends on axioms: [propext, Classical.choice, Quot.sound]
'TR.lemma_6_155' depends on axioms: [propext, Classical.choice, Quot.sound]
'TR.lemma_6_156' depends on axioms: [propext, Classical.choice, Quot.sound]
'TR.lemma_6_157_1' depends on axioms: [propext, Classical.choice, Quot.sound]
'TR.lemma_6_157_2' depends on axioms: [propext, Classical.choice, Quot.sound]
'TR.lemma_6_158' depends on axioms: [propext, Classical.choice, Quot.sound]
'TR.lemma_6_159' depends on axioms: [propext, Classical.choice, Quot.sound]
'TR.lemma_6_16' depends on axioms: [propext, Quot.sound]
'TR.lemma_6_160' depends on axioms: [propext, Classical.choice, Quot.sound]
'TR.lemma_6_161' depends on axioms: [propext, Classical.choice, Quot.sound]
'TR.lemma_6_162' depends on axioms: [propext, Classical.choice, Quot.sound]
'TR.lemma_6_163' depends on axioms: [propext, Classical.choice, Quot.sound]
'TR.lemma_6_164' depends on axioms: [propext, Classical.choice, Quot.sound]
'TR.lemma_6_165' depends on axioms: [propext, Classical.choice, Quot.sound]
'TR.lemma_6_166' depends on axioms: [propext, Classical.choice, Quot.sound]
'TR.lemma_6_167' depends on axioms: [propext, Classical.choice, Quot.sound]
'TR.lemma_6_168' depends on axioms: [propext, Classical.choice, Quot.sound]
'TR.lemma_6_169' depends on axioms: [propext, Classical.choice, Quot.sound]
'TR.lemma_6_17' depends on axioms: [propext, Classical.choice, Quot.sound]
'TR.lemma_6_170' depends on axioms: [propext, Classical.choice, Quot.sound]
'TR.lemma_6_171_1' depends on axioms: [propext, Classical.choice, Quot.sound]
'TR.lemma_6_171_2' depends on axioms: [propext, Classical.choice, Quot.sound]
'TR.lemma_6_171_3' depends on axioms: [propext, Classical.choice, Quot.sound]
'TR.lemma_6_172' depends on axioms: [propext, Classical.choice, Quot.sound]
'TR.lemma_6_173' depends on axioms: [propext, Classical.choice, Quot.sound]
'TR.lemma_6_174' depends on axioms: [propext, Classical.choice, Quot.sound]
'TR.lemma_6_175' depends on axioms: [propext, Classical.choice, Quot.sound]
'TR.lemma_6_176' depends on axioms: [propext, Classical.choice, Quot.sound]
'TR.lemma_6_18' depends on axioms: [propext, Classical.choice, Quot.sound]
'TR.lemma_6_19' depends on axioms: [propext, Quot.sound]
'TR.lemma_6_2' depends on axioms: [Quot.sound]
'TR.lemma_6_20' depends on axioms: [propext, Classical.choice, Quot.sound]
'TR.lemma_6_21' depends on axioms: [propext, Classical.choice, Quot.sound]
'TR.lemma_6_22' depends on axioms: [propext, Classical.choice, Quot.sound]
'TR.lemma_6_23' depends on axioms: [propext, Classical.choice, Quot.sound]
'TR.lemma_6_24' depends on axioms: [propext, Classical.choice, Quot.sound]
'TR.lemma_6_25' depends on axioms: [propext, Classical.choice, Quot.sound]
'TR.lemma_6_26' depends on axioms: [propext, Classical.choice, Quot.sound]
'TR.lemma_6_27' depends on axioms: [propext, Classical.choice, Quot.sound]
'TR.lemma_6_28' depends on axioms: [propext, Classical.choice, Quot.sound]
'TR.lemma_6_29' depends on axioms: [propext, Classical.choice, Quot.sound]
'TR.lemma_6_3' depends on axioms: [propext, Classical.choice, Quot.sound]
'TR.lemma_6_30' depends on axioms: [propext, Quot.sound]
'TR.lemma_6_31' depends on axioms: [propext, Quot.sound]
'TR.lemma_6_32' depends on axioms: [propext, Quot.sound]
'TR.lemma_6_33' depends on axioms: [propext, Classical.choice, Quot.sound]
'TR.lemma_6_34' depends on axioms: [propext, Classical.choice, Quot.sound]
'TR.lemma_6_35' depends on axioms: [propext, Classical.choice, Quot.sound]
'TR.lemma_6_36' depends on axioms: [propext, Quot.sound]
'TR.lemma_6_37' depends on axioms: [propext, Quot.sound]
'TR.lemma_6_38' depends on axioms: [propext, Classical.choice, Quot.sound]
'TR.lemma_6_39' depends on axioms: [propext, Classical.choice, Quot.sound]
'TR.lemma_6_4' depends on axioms: [propext, Quot.sound]
'TR.lemma_6_41' depends on axioms: [propext, Classical.choice, Quot.sound]
'TR.lemma_6_42' depends on axioms: [propext, Classical.choice, Quot.sound]
'TR.lemma_6_43' depends on axioms: [propext, Classical.choice, Quot.sound]
'TR.lemma_6_44' depends on axioms: [propext, Classical.choice, Quot.sound]
'TR.lemma_6_45' depends on axioms: [propext, Quot.sound]
'TR.lemma_6_46' depends on axioms: [propext, Classical.choice, Quot.sound]
'TR.lemma_6_47' depends on axioms: [propext, Quot.sound]
'TR.lemma_6_48' depends on axioms: [propext, Classical.choice, Quot.sound]
'TR.lemma_6_49' depends on axioms: [propext, Quot.sound]
'TR.lemma_6_5' depends on axioms: [propext, Quot.sound]
'TR.lemma_6_50' depends on axioms: [propext, Classical.choice, Quot.sound]
'TR.lemma_6_51' depends on axioms: [propext, Classical.choice, Quot.sound]
'TR.lemma_6_52' depends on axioms: [propext, Classical.choice, Quot.sound]
'TR.lemma_6_53' depends on axioms: [propext, Classical.choice, Quot.sound]
'TR.lemma_6_54' depends on axioms: [propext, Classical.choice, Quot.sound]
'TR.lemma_6_55' depends on axioms: [propext, Classical.choice, Quot.sound]
'TR.lemma_6_56' depends on axioms: [propext, Classical.choice, Quot.sound]
'TR.lemma_6_57' depends on axioms: [propext, Classical.choice, Quot.sound]
'TR.lemma_6_58_left' depends on axioms: [propext, Classical.choice, Quot.sound]
'TR.lemma_6_58_right' depends on axioms: [propext, Classical.choice, Quot.sound]
'TR.lemma_6_59' depends on axioms: [propext, Classical.choice, Quot.sound]
'TR.lemma_6_6' depends on axioms: [propext, Quot.sound]
'TR.lemma_6_60' depends on axioms: [propext, Classical.choice, Quot.sound]
'TR.lemma_6_61' depends on axioms: [propext, Classical.choice, Quot.sound]
'TR.lemma_6_62' depends on axioms: [propext, Classical.choice, Quot.sound]
'TR.lemma_6_63' depends on axioms: [Quot.sound]
'TR.lemma_6_64' depends on axioms: [propext, Classical.choice, Quot.sound]
'TR.lemma_6_65' depends on axioms: [propext, Classical.choice, Quot.sound]
'TR.lemma_6_66' depends on axioms: [propext, Classical.choice, Quot.sound]
'TR.lemma_6_67' depends on axioms: [Quot.sound]
'TR.lemma_6_68' depends on axioms: [Quot.sound]
'TR.lemma_6_69' depends on axioms: [Quot.sound]
'TR.lemma_6_7' depends on axioms: [propext, Classical.choice, Quot.sound]
'TR.lemma_6_70' depends on axioms: [Quot.sound]
'TR.lemma_6_71' depends on axioms: [Quot.sound]
'TR.lemma_6_72_1' depends on axioms: [Quot.sound]
'TR.lemma_6_72_2' depends on axioms: [Quot.sound]
'TR.lemma_6_73_1' depends on axioms: [Quot.sound]
'TR.lemma_6_73_2' depends on axioms: [Quot.sound]
'TR.lemma_6_74' depends on axioms: [Quot.sound]
'TR.lemma_6_75' depends on axioms: [Quot.sound]
'TR.lemma_6_76' depends on axioms: [Quot.sound]
'TR.lemma_6_77' depends on axioms: [Quot.sound]
'TR.lemma_6_78' depends on axioms: [Quot.sound]
'TR.lemma_6_79' depends on axioms: [Quot.sound]
'TR.lemma_6_8' depends on axioms: [propext, Classical.choice, Quot.sound]
'TR.lemma_6_80' depends on axioms: [Quot.sound]
'TR.lemma_6_81' depends on axioms: [propext, Quot.sound]
'TR.lemma_6_82' depends on axioms: [propext, Quot.sound]
'TR.lemma_6_83' depends on axioms: [Quot.sound]
'TR.lemma_6_84' depends on axioms: [Quot.sound]
'TR.lemma_6_85' depends on axioms: [propext, Quot.sound]
'TR.lemma_6_86' depends on axioms: [propext, Quot.sound]
'TR.lemma_6_87' depends on axioms: [Quot.sound]
'TR.lemma_6_88' depends on axioms: [Quot.sound]
'TR.lemma_6_89' depends on axioms: [Quot.sound]
'TR.lemma_6_9' depends on axioms: [propext, Quot.sound]
'TR.lemma_6_90' depends on axioms: [propext, Quot.sound]
'TR.lemma_6_91' depends on axioms: [propext, Classical.choice, Quot.sound]
'TR.lemma_6_92' depends on axioms: [propext, Quot.sound]
'TR.lemma_6_93' depends on axioms: [propext, Quot.sound]
'TR.lemma_6_94' depends on axioms: [propext, Quot.sound]
'TR.lemma_6_95' depends on axioms: [propext, Classical.choice, Quot.sound]
'TR.lemma_6_96' depends on axioms: [Quot.sound]
'TR.lemma_6_97' depends on axioms: [Quot.sound]
'TR.lemma_6_98' depends on axioms: [Quot.sound]
'TR.lemma_6_99' depends on axioms: [propext, Quot.sound]
